main.c:91:5:main	8	static
main.c:184:6:SystemClock_Config	96	static
main.c:240:6:PeriphCommonClock_Config	160	static
main.c:267:13:MX_ADC1_Init	32	static
main.c:323:13:MX_DFSDM1_Init	8	static
main.c:361:13:MX_I2C2_Init	8	static
main.c:407:13:MX_OCTOSPI1_Init	32	static
main.c:455:13:MX_SPI1_Init	8	static
main.c:495:13:MX_SPI3_Init	8	static
main.c:535:13:MX_TIM2_Init	64	static
main.c:594:13:MX_TIM3_Init	64	static
main.c:653:13:MX_TIM4_Init	40	static
main.c:701:13:MX_USART2_UART_Init	8	static
main.c:749:13:MX_USART3_UART_Init	8	static
main.c:797:13:MX_USB_OTG_FS_USB_Init	4	static
main.c:818:13:MX_GPIO_Init	56	static
main.c:966:6:Error_Handler	4	static,ignoring_inline_asm
