main.c:97:5:main	8	static
main.c:171:6:SystemClock_Config	96	static
main.c:227:6:PeriphCommonClock_Config	160	static
main.c:254:13:MX_ADC1_Init	32	static
main.c:310:13:MX_DFSDM1_Init	8	static
main.c:348:13:MX_I2C1_Init	8	static
main.c:394:13:MX_I2C2_Init	8	static
main.c:440:13:MX_OCTOSPI1_Init	32	static
main.c:488:13:MX_SPI1_Init	8	static
main.c:528:13:MX_SPI3_Init	8	static
main.c:568:13:MX_TIM2_Init	64	static
main.c:627:13:MX_TIM3_Init	64	static
main.c:686:13:MX_UART4_Init	8	static
main.c:734:13:MX_USART1_UART_Init	8	static
main.c:782:13:MX_USART2_UART_Init	8	static
main.c:830:13:MX_USART3_UART_Init	8	static
main.c:878:13:MX_USB_OTG_FS_USB_Init	4	static
main.c:899:13:MX_GPIO_Init	56	static
main.c:1026:6:Error_Handler	4	static,ignoring_inline_asm
